
> video-summarizer@0.1.0 build
> next build

   笆ｲ Next.js 16.0.10 (Turbopack)

   Creating an optimized production build ...
 笨・Compiled successfully in 2.3s
   Running TypeScript ...
   Collecting page data using 11 workers ...
   Generating static pages using 11 workers (0/4) ...
node.exe : Error occ
urred prerendering p
age "/". Read more: 
https://nextjs.org/d
ocs/messages/prerend
er-error
発生場所 行:1 文字:1
+ & "C:\Program File
s\nodejs/node.exe" "
C:\Program Files\nod
ejs/node_mo ...
+ ~~~~~~~~~~~~~~~~~~
~~~~~~~~~~~~~~~~~~~~
~~~~~~~~~~~~~~~~~~~~
~~~~~~~~~~~
    + CategoryInfo  
            : NotS  
  pecified: (Erro   
 r occurred ...p    
rerender-error:    S
tring) [], Rem    ot
eException
    + FullyQualifie 
   dErrorId : Nati  
  veCommandError
 
Error: ffmpeg.wasm d
oes not support node
js
    at new P (C:\Use
rs\ariom\.gemini\ant
igravity\scratch\vid
eo-summarizer\.next\
server\chunks\ssr\[r
oot-of-the-server]__
75a388cb._.js:1:7401
)
    at gz (C:\Users\
ariom\.gemini\antigr
avity\scratch\video-
summarizer\.next\ser
ver\chunks\ssr\[root
-of-the-server]__75a
388cb._.js:35:2099) 
{
  digest: '234221009
9'
}
Export encountered a
n error on /page: /,
 exiting the build.
 筧ｯ Next.js build wo
rker exited with cod
e: 1 and signal: nul
l
